Archive member included to satisfy reference by file (symbol)

C:/ST/STM32CubeIDE_1.19.0/STM32CubeIDE/plugins/com.st.stm32cube.ide.mcu.externaltools.gnu-tools-for-stm32.13.3.rel1.win32_1.0.0.202411081344/tools/bin/../lib/gcc/arm-none-eabi/13.3.1/../../../../arm-none-eabi/lib/thumb/v7-m/nofp\libc_nano.a(libc_a-exit.o)
                              C:/ST/STM32CubeIDE_1.19.0/STM32CubeIDE/plugins/com.st.stm32cube.ide.mcu.externaltools.gnu-tools-for-stm32.13.3.rel1.win32_1.0.0.202411081344/tools/bin/../lib/gcc/arm-none-eabi/13.3.1/../../../../arm-none-eabi/lib/thumb/v7-m/nofp/crt0.o (exit)
C:/ST/STM32CubeIDE_1.19.0/STM32CubeIDE/plugins/com.st.stm32cube.ide.mcu.externaltools.gnu-tools-for-stm32.13.3.rel1.win32_1.0.0.202411081344/tools/bin/../lib/gcc/arm-none-eabi/13.3.1/../../../../arm-none-eabi/lib/thumb/v7-m/nofp\libc_nano.a(libc_a-findfp.o)
                              C:/ST/STM32CubeIDE_1.19.0/STM32CubeIDE/plugins/com.st.stm32cube.ide.mcu.externaltools.gnu-tools-for-stm32.13.3.rel1.win32_1.0.0.202411081344/tools/bin/../lib/gcc/arm-none-eabi/13.3.1/../../../../arm-none-eabi/lib/thumb/v7-m/nofp\libc_nano.a(libc_a-exit.o) (__stdio_exit_handler)
C:/ST/STM32CubeIDE_1.19.0/STM32CubeIDE/plugins/com.st.stm32cube.ide.mcu.externaltools.gnu-tools-for-stm32.13.3.rel1.win32_1.0.0.202411081344/tools/bin/../lib/gcc/arm-none-eabi/13.3.1/../../../../arm-none-eabi/lib/thumb/v7-m/nofp\libc_nano.a(libc_a-fwalk.o)
                              C:/ST/STM32CubeIDE_1.19.0/STM32CubeIDE/plugins/com.st.stm32cube.ide.mcu.externaltools.gnu-tools-for-stm32.13.3.rel1.win32_1.0.0.202411081344/tools/bin/../lib/gcc/arm-none-eabi/13.3.1/../../../../arm-none-eabi/lib/thumb/v7-m/nofp\libc_nano.a(libc_a-findfp.o) (_fwalk_sglue)
C:/ST/STM32CubeIDE_1.19.0/STM32CubeIDE/plugins/com.st.stm32cube.ide.mcu.externaltools.gnu-tools-for-stm32.13.3.rel1.win32_1.0.0.202411081344/tools/bin/../lib/gcc/arm-none-eabi/13.3.1/../../../../arm-none-eabi/lib/thumb/v7-m/nofp\libc_nano.a(libc_a-stdio.o)
                              C:/ST/STM32CubeIDE_1.19.0/STM32CubeIDE/plugins/com.st.stm32cube.ide.mcu.externaltools.gnu-tools-for-stm32.13.3.rel1.win32_1.0.0.202411081344/tools/bin/../lib/gcc/arm-none-eabi/13.3.1/../../../../arm-none-eabi/lib/thumb/v7-m/nofp\libc_nano.a(libc_a-findfp.o) (__sread)
C:/ST/STM32CubeIDE_1.19.0/STM32CubeIDE/plugins/com.st.stm32cube.ide.mcu.externaltools.gnu-tools-for-stm32.13.3.rel1.win32_1.0.0.202411081344/tools/bin/../lib/gcc/arm-none-eabi/13.3.1/../../../../arm-none-eabi/lib/thumb/v7-m/nofp\libc_nano.a(libc_a-memset.o)
                              C:/ST/STM32CubeIDE_1.19.0/STM32CubeIDE/plugins/com.st.stm32cube.ide.mcu.externaltools.gnu-tools-for-stm32.13.3.rel1.win32_1.0.0.202411081344/tools/bin/../lib/gcc/arm-none-eabi/13.3.1/../../../../arm-none-eabi/lib/thumb/v7-m/nofp/crt0.o (memset)
C:/ST/STM32CubeIDE_1.19.0/STM32CubeIDE/plugins/com.st.stm32cube.ide.mcu.externaltools.gnu-tools-for-stm32.13.3.rel1.win32_1.0.0.202411081344/tools/bin/../lib/gcc/arm-none-eabi/13.3.1/../../../../arm-none-eabi/lib/thumb/v7-m/nofp\libc_nano.a(libc_a-closer.o)
                              C:/ST/STM32CubeIDE_1.19.0/STM32CubeIDE/plugins/com.st.stm32cube.ide.mcu.externaltools.gnu-tools-for-stm32.13.3.rel1.win32_1.0.0.202411081344/tools/bin/../lib/gcc/arm-none-eabi/13.3.1/../../../../arm-none-eabi/lib/thumb/v7-m/nofp\libc_nano.a(libc_a-stdio.o) (_close_r)
C:/ST/STM32CubeIDE_1.19.0/STM32CubeIDE/plugins/com.st.stm32cube.ide.mcu.externaltools.gnu-tools-for-stm32.13.3.rel1.win32_1.0.0.202411081344/tools/bin/../lib/gcc/arm-none-eabi/13.3.1/../../../../arm-none-eabi/lib/thumb/v7-m/nofp\libc_nano.a(libc_a-reent.o)
                              C:/ST/STM32CubeIDE_1.19.0/STM32CubeIDE/plugins/com.st.stm32cube.ide.mcu.externaltools.gnu-tools-for-stm32.13.3.rel1.win32_1.0.0.202411081344/tools/bin/../lib/gcc/arm-none-eabi/13.3.1/../../../../arm-none-eabi/lib/thumb/v7-m/nofp\libc_nano.a(libc_a-closer.o) (errno)
C:/ST/STM32CubeIDE_1.19.0/STM32CubeIDE/plugins/com.st.stm32cube.ide.mcu.externaltools.gnu-tools-for-stm32.13.3.rel1.win32_1.0.0.202411081344/tools/bin/../lib/gcc/arm-none-eabi/13.3.1/../../../../arm-none-eabi/lib/thumb/v7-m/nofp\libc_nano.a(libc_a-impure.o)
                              C:/ST/STM32CubeIDE_1.19.0/STM32CubeIDE/plugins/com.st.stm32cube.ide.mcu.externaltools.gnu-tools-for-stm32.13.3.rel1.win32_1.0.0.202411081344/tools/bin/../lib/gcc/arm-none-eabi/13.3.1/../../../../arm-none-eabi/lib/thumb/v7-m/nofp\libc_nano.a(libc_a-reent.o) (_impure_ptr)
C:/ST/STM32CubeIDE_1.19.0/STM32CubeIDE/plugins/com.st.stm32cube.ide.mcu.externaltools.gnu-tools-for-stm32.13.3.rel1.win32_1.0.0.202411081344/tools/bin/../lib/gcc/arm-none-eabi/13.3.1/../../../../arm-none-eabi/lib/thumb/v7-m/nofp\libc_nano.a(libc_a-lseekr.o)
[...]
Memory Configuration

Name             Origin             Length             Attributes
RAM              0x20000000         0x00005000         xrw
FLASH            0x08000000         0x00010000         xr
*default*        0x00000000         0xffffffff

Linker script and memory map

LOAD C:/ST/STM32CubeIDE_1.19.0/STM32CubeIDE/plugins/com.st.stm32cube.ide.mcu.externaltools.gnu-tools-for-stm32.13.3.rel1.win32_1.0.0.202411081344/tools/bin/../lib/gcc/arm-none-eabi/13.3.1/thumb/v7-m/nofp/crti.o
LOAD C:/ST/STM32CubeIDE_1.19.0/STM32CubeIDE/plugins/com.st.stm32cube.ide.mcu.externaltools.gnu-tools-for-stm32.13.3.rel1.win32_1.0.0.202411081344/tools/bin/../lib/gcc/arm-none-eabi/13.3.1/thumb/v7-m/nofp/crtbegin.o
LOAD C:/ST/STM32CubeIDE_1.19.0/STM32CubeIDE/plugins/com.st.stm32cube.ide.mcu.externaltools.gnu-tools-for-stm32.13.3.rel1.win32_1.0.0.202411081344/tools/bin/../lib/gcc/arm-none-eabi/13.3.1/../../../../arm-none-eabi/lib/thumb/v7-m/nofp/crt0.o
LOAD ./Src/commutation.o
LOAD ./Src/functions.o
LOAD ./Src/init.o
LOAD ./Src/isr.o
LOAD ./Src/main.o
LOAD ./Src/syscalls.o
LOAD ./Src/sysmem.o
LOAD ./Startup/startup_stm32f103c8tx.o
START GROUP
LOAD C:/ST/STM32CubeIDE_1.19.0/STM32CubeIDE/plugins/com.st.stm32cube.ide.mcu.externaltools.gnu-tools-for-stm32.13.3.rel1.win32_1.0.0.202411081344/tools/bin/../lib/gcc/arm-none-eabi/13.3.1/../../../../arm-none-eabi/lib/thumb/v7-m/nofp\libc_nano.a
LOAD C:/ST/STM32CubeIDE_1.19.0/STM32CubeIDE/plugins/com.st.stm32cube.ide.mcu.externaltools.gnu-tools-for-stm32.13.3.rel1.win32_1.0.0.202411081344/tools/bin/../lib/gcc/arm-none-eabi/13.3.1/../../../../arm-none-eabi/lib/thumb/v7-m/nofp\libm.a
END GROUP
START GROUP
LOAD C:/ST/STM32CubeIDE_1.19.0/STM32CubeIDE/plugins/com.st.stm32cube.ide.mcu.externaltools.gnu-tools-for-stm32.13.3.rel1.win32_1.0.0.202411081344/tools/bin/../lib/gcc/arm-none-eabi/13.3.1/thumb/v7-m/nofp\libgcc.a
LOAD C:/ST/STM32CubeIDE_1.19.0/STM32CubeIDE/plugins/com.st.stm32cube.ide.mcu.externaltools.gnu-tools-for-stm32.13.3.rel1.win32_1.0.0.202411081344/tools/bin/../lib/gcc/arm-none-eabi/13.3.1/../../../../arm-none-eabi/lib/thumb/v7-m/nofp\libc_nano.a
END GROUP
START GROUP
LOAD C:/ST/STM32CubeIDE_1.19.0/STM32CubeIDE/plugins/com.st.stm32cube.ide.mcu.externaltools.gnu-tools-for-stm32.13.3.rel1.win32_1.0.0.202411081344/tools/bin/../lib/gcc/arm-none-eabi/13.3.1/thumb/v7-m/nofp\libgcc.a
LOAD C:/ST/STM32CubeIDE_1.19.0/STM32CubeIDE/plugins/com.st.stm32cube.ide.mcu.externaltools.gnu-tools-for-stm32.13.3.rel1.win32_1.0.0.202411081344/tools/bin/../lib/gcc/arm-none-eabi/13.3.1/../../../../arm-none-eabi/lib/thumb/v7-m/nofp\libc_nano.a
LOAD C:/ST/STM32CubeIDE_1.19.0/STM32CubeIDE/plugins/com.st.stm32cube.ide.mcu.externaltools.gnu-tools-for-stm32.13.3.rel1.win32_1.0.0.202411081344/tools/bin/../lib/gcc/arm-none-eabi/13.3.1/../../../../arm-none-eabi/lib/thumb/v7-m/nofp\libnosys.a
END GROUP
START GROUP
LOAD C:/ST/STM32CubeIDE_1.19.0/STM32CubeIDE/plugins/com.st.stm32cube.ide.mcu.externaltools.gnu-tools-for-stm32.13.3.rel1.win32_1.0.0.202411081344/tools/bin/../lib/gcc/arm-none-eabi/13.3.1/thumb/v7-m/nofp\libgcc.a
LOAD C:/ST/STM32CubeIDE_1.19.0/STM32CubeIDE/plugins/com.st.stm32cube.ide.mcu.externaltools.gnu-tools-for-stm32.13.3.rel1.win32_1.0.0.202411081344/tools/bin/../lib/gcc/arm-none-eabi/13.3.1/../../../../arm-none-eabi/lib/thumb/v7-m/nofp\libc_nano.a
LOAD C:/ST/STM32CubeIDE_1.19.0/STM32CubeIDE/plugins/com.st.stm32cube.ide.mcu.externaltools.gnu-tools-for-stm32.13.3.rel1.win32_1.0.0.202411081344/tools/bin/../lib/gcc/arm-none-eabi/13.3.1/../../../../arm-none-eabi/lib/thumb/v7-m/nofp\libnosys.a
END GROUP
LOAD C:/ST/STM32CubeIDE_1.19.0/STM32CubeIDE/plugins/com.st.stm32cube.ide.mcu.externaltools.gnu-tools-for-stm32.13.3.rel1.win32_1.0.0.202411081344/tools/bin/../lib/gcc/arm-none-eabi/13.3.1/thumb/v7-m/nofp/crtend.o
LOAD C:/ST/STM32CubeIDE_1.19.0/STM32CubeIDE/plugins/com.st.stm32cube.ide.mcu.externaltools.gnu-tools-for-stm32.13.3.rel1.win32_1.0.0.202411081344/tools/bin/../lib/gcc/arm-none-eabi/13.3.1/thumb/v7-m/nofp/crtn.o
                0x20005000                        _estack = (ORIGIN (RAM) + LENGTH (RAM))
                0x00000200                        _Min_Heap_Size = 0x200
                0x00000400                        _Min_Stack_Size = 0x400

.isr_vector     0x08000000      0x130
                0x08000000                        . = ALIGN (0x4)
 *(.isr_vector)
 .isr_vector    0x08000000      0x130 ./Startup/startup_stm32f103c8tx.o
                0x08000000                g_pfnVectors
                0x08000130                        . = ALIGN (0x4)

.text           0x08000130     0x1074
                0x08000130                        . = ALIGN (0x4)
 *(.text)
 .text          0x08000130       0x40 C:/ST/STM32CubeIDE_1.19.0/STM32CubeIDE/plugins/com.st.stm32cube.ide.mcu.externaltools.gnu-tools-for-stm32.13.3.rel1.win32_1.0.0.202411081344/tools/bin/../lib/gcc/arm-none-eabi/13.3.1/thumb/v7-m/nofp/crtbegin.o
 .text          0x08000170      0x21c C:/ST/STM32CubeIDE_1.19.0/STM32CubeIDE/plugins/com.st.stm32cube.ide.mcu.externaltools.gnu-tools-for-stm32.13.3.rel1.win32_1.0.0.202411081344/tools/bin/../lib/gcc/arm-none-eabi/13.3.1/thumb/v7-m/nofp\libgcc.a(_arm_addsubsf3.o)
                0x08000170                __aeabi_frsub
                0x08000178                __subsf3
                0x08000178                __aeabi_fsub
                0x0800017c                __aeabi_fadd
                0x0800017c                __addsf3
                0x080002dc                __aeabi_ui2f
                0x080002dc                __floatunsisf
                0x080002e4                __aeabi_i2f
                0x080002e4                __floatsisf
                0x08000300                __aeabi_ul2f
                0x08000300                __floatundisf
                0x08000310                __aeabi_l2f
                0x08000310                __floatdisf
 .text          0x0800038c      0x2a0 C:/ST/STM32CubeIDE_1.19.0/STM32CubeIDE/plugins/com.st.stm32cube.ide.mcu.externaltools.gnu-tools-for-stm32.13.3.rel1.win32_1.0.0.202411081344/tools/bin/../lib/gcc/arm-none-eabi/13.3.1/thumb/v7-m/nofp\libgcc.a(_arm_muldivsf3.o)
                0x0800038c                __mulsf3
                0x0800038c                __aeabi_fmul
                0x080004f4                __aeabi_fdiv
                0x080004f4                __divsf3
 .text          0x0800062c       0xec C:/ST/STM32CubeIDE_1.19.0/STM32CubeIDE/plugins/com.st.stm32cube.ide.mcu.externaltools.gnu-tools-for-stm32.13.3.rel1.win32_1.0.0.202411081344/tools/bin/../lib/gcc/arm-none-eabi/13.3.1/thumb/v7-m/nofp\libgcc.a(_arm_cmpsf2.o)
                0x0800062c                __gesf2
                0x0800062c                __gtsf2
                0x08000634                __lesf2
                0x08000634                __ltsf2
                0x0800063c                __nesf2
                0x0800063c                __eqsf2
                0x0800063c                __cmpsf2
                0x0800069c                __aeabi_cfrcmple
                0x080006a4                __aeabi_cfcmpeq
                0x080006a4                __aeabi_cfcmple
                0x080006b4                __aeabi_fcmpeq
                0x080006c8                __aeabi_fcmplt
                0x080006dc                __aeabi_fcmple
                0x080006f0                __aeabi_fcmpge
                0x08000704                __aeabi_fcmpgt
 .text          0x08000718       0x4c C:/ST/STM32CubeIDE_1.19.0/STM32CubeIDE/plugins/com.st.stm32cube.ide.mcu.externaltools.gnu-tools-for-stm32.13.3.rel1.win32_1.0.0.202411081344/tools/bin/../lib/gcc/arm-none-eabi/13.3.1/thumb/v7-m/nofp\libgcc.a(_arm_fixsfsi.o)
                0x08000718                __aeabi_f2iz
                0x08000718                __fixsfsi
 *(.text*)
 .text.low_sides_off
                0x08000764       0x18 ./Src/commutation.o
 .text.high_sides_off
                0x0800077c       0x20 ./Src/commutation.o
 .text.commutation
                0x0800079c      0x130 ./Src/commutation.o
                0x0800079c                commutation
 .text.adc_read
                0x080008cc       0x3c ./Src/functions.o
                0x080008cc                adc_read
 .text.read_hall
                0x08000908       0x1c ./Src/functions.o
                0x08000908                read_hall
 .text.__NVIC_EnableIRQ
                0x08000924       0x38 ./Src/init.o
 .text.clk_init
                0x0800095c       0xd0 ./Src/init.o
                0x0800095c                clk_init
 .text.hall_sensor_init
                0x08000a2c      0x150 ./Src/init.o
                0x08000a2c                hall_sensor_init
 .text.low_side
                0x08000b7c       0x74 ./Src/init.o
                0x08000b7c                low_side
 .text.pwm_init
                0x08000bf0      0x158 ./Src/init.o
                0x08000bf0                pwm_init
 .text.adc_init
                0x08000d48       0xbc ./Src/init.o
                0x08000d48                adc_init
 .text.tim3_init
                0x08000e04       0x4c ./Src/init.o
                0x08000e04                tim3_init
 .text.hall_exti_handler
                0x08000e50       0x44 ./Src/isr.o
 .text.EXTI0_IRQHandler
                0x08000e94       0x58 ./Src/isr.o
                0x08000e94                EXTI0_IRQHandler
 .text.EXTI1_IRQHandler
                0x08000eec        0xe ./Src/isr.o
                0x08000eec                EXTI1_IRQHandler
 .text.EXTI2_IRQHandler
                0x08000efa        0xe ./Src/isr.o
                0x08000efa                EXTI2_IRQHandler
 .text.TIM3_IRQHandler
                0x08000f08       0x5c ./Src/isr.o
                0x08000f08                TIM3_IRQHandler
 .text.main     0x08000f64      0x18c ./Src/main.o
                0x08000f64                main
 .text.Reset_Handler
                0x080010f0       0x50 ./Startup/startup_stm32f103c8tx.o
                0x080010f0                Reset_Handler
 .text.Default_Handler
                0x08001140        0x2 ./Startup/startup_stm32f103c8tx.o
                0x08001140                TIM8_TRG_COM_IRQHandler
                0x08001140                TIM8_CC_IRQHandler
                0x08001140                DebugMon_Handler
                0x08001140                TIM1_CC_IRQHandler
                0x08001140                HardFault_Handler
                0x08001140                TIM6_IRQHandler
                0x08001140                SysTick_Handler
                0x08001140                PVD_IRQHandler
                0x08001140                SDIO_IRQHandler
                0x08001140                PendSV_Handler
                0x08001140                NMI_Handler
                0x08001140                EXTI3_IRQHandler
                0x08001140                USB_HP_CAN_TX_IRQHandler
                0x08001140                I2C2_EV_IRQHandler
                0x08001140                UsageFault_Handler
                0x08001140                ADC1_2_IRQHandler
                0x08001140                SPI1_IRQHandler
                0x08001140                CAN_SCE_IRQHandler
                0x08001140                TAMPER_IRQHandler
                0x08001140                TIM8_UP_IRQHandler
                0x08001140                DMA2_Channel2_IRQHandler
                0x08001140                DMA1_Channel4_IRQHandler
                0x08001140                USART3_IRQHandler
                0x08001140                RTC_IRQHandler
                0x08001140                DMA1_Channel7_IRQHandler
                0x08001140                UART5_IRQHandler
                0x08001140                ADC3_IRQHandler
                0x08001140                TIM4_IRQHandler
                0x08001140                CAN_RX1_IRQHandler
                0x08001140                DMA2_Channel1_IRQHandler
                0x08001140                I2C1_EV_IRQHandler
                0x08001140                DMA1_Channel6_IRQHandler
                0x08001140                UART4_IRQHandler
                0x08001140                RCC_IRQHandler
                0x08001140                TIM1_TRG_COM_IRQHandler
                0x08001140                DMA1_Channel1_IRQHandler
                0x08001140                Default_Handler
                0x08001140                EXTI15_10_IRQHandler
                0x08001140                TIM7_IRQHandler
                0x08001140                TIM5_IRQHandler
                0x08001140                EXTI9_5_IRQHandler
                0x08001140                SPI2_IRQHandler
                0x08001140                USB_LP_CAN_RX0_IRQHandler
                0x08001140                MemManage_Handler
                0x08001140                SVC_Handler
                0x08001140                DMA1_Channel5_IRQHandler
                0x08001140                EXTI4_IRQHandler
                0x08001140                DMA1_Channel3_IRQHandler
                0x08001140                FSMC_IRQHandler
                0x08001140                TIM1_UP_IRQHandler
                0x08001140                WWDG_IRQHandler
                0x08001140                TIM2_IRQHandler
                0x08001140                TIM1_BRK_IRQHandler
                0x08001140                RTCAlarm_IRQHandler
                0x08001140                DMA2_Channel4_5_IRQHandler
                0x08001140                USART2_IRQHandler
                0x08001140                I2C2_ER_IRQHandler
                0x08001140                DMA1_Channel2_IRQHandler
                0x08001140                TIM8_BRK_IRQHandler
                0x08001140                FLASH_IRQHandler
                0x08001140                BusFault_Handler
                0x08001140                USART1_IRQHandler
                0x08001140                SPI3_IRQHandler
                0x08001140                I2C1_ER_IRQHandler
                0x08001140                DMA2_Channel3_IRQHandler
 *fill*         0x08001142        0x2 
 .text.__libc_init_array
                0x08001144       0x48 C:/ST/STM32CubeIDE_1.19.0/STM32CubeIDE/plugins/com.st.stm32cube.ide.mcu.externaltools.gnu-tools-for-stm32.13.3.rel1.win32_1.0.0.202411081344/tools/bin/../lib/gcc/arm-none-eabi/13.3.1/../../../../arm-none-eabi/lib/thumb/v7-m/nofp\libc_nano.a(libc_a-init.o)
                0x08001144                __libc_init_array
 *(.glue_7)
 .glue_7        0x0800118c        0x0 linker stubs
 *(.glue_7t)
 .glue_7t       0x0800118c        0x0 linker stubs
 *(.eh_frame)
 .eh_frame      0x0800118c        0x0 C:/ST/STM32CubeIDE_1.19.0/STM32CubeIDE/plugins/com.st.stm32cube.ide.mcu.externaltools.gnu-tools-for-stm32.13.3.rel1.win32_1.0.0.202411081344/tools/bin/../lib/gcc/arm-none-eabi/13.3.1/thumb/v7-m/nofp/crtbegin.o
 *(.init)
 .init          0x0800118c        0x4 C:/ST/STM32CubeIDE_1.19.0/STM32CubeIDE/plugins/com.st.stm32cube.ide.mcu.externaltools.gnu-tools-for-stm32.13.3.rel1.win32_1.0.0.202411081344/tools/bin/../lib/gcc/arm-none-eabi/13.3.1/thumb/v7-m/nofp/crti.o
                0x0800118c                _init
 .init          0x08001190        0x8 C:/ST/STM32CubeIDE_1.19.0/STM32CubeIDE/plugins/com.st.stm32cube.ide.mcu.externaltools.gnu-tools-for-stm32.13.3.rel1.win32_1.0.0.202411081344/tools/bin/../lib/gcc/arm-none-eabi/13.3.1/thumb/v7-m/nofp/crtn.o
 *(.fini)
 .fini          0x08001198        0x4 C:/ST/STM32CubeIDE_1.19.0/STM32CubeIDE/plugins/com.st.stm32cube.ide.mcu.externaltools.gnu-tools-for-stm32.13.3.rel1.win32_1.0.0.202411081344/tools/bin/../lib/gcc/arm-none-eabi/13.3.1/thumb/v7-m/nofp/crti.o
                0x08001198                _fini
 .fini          0x0800119c        0x8 C:/ST/STM32CubeIDE_1.19.0/STM32CubeIDE/plugins/com.st.stm32cube.ide.mcu.externaltools.gnu-tools-for-stm32.13.3.rel1.win32_1.0.0.202411081344/tools/bin/../lib/gcc/arm-none-eabi/13.3.1/thumb/v7-m/nofp/crtn.o
                0x080011a4                        . = ALIGN (0x4)
                0x080011a4                        _etext = .

.vfp11_veneer   0x080011a4        0x0
 .vfp11_veneer  0x080011a4        0x0 linker stubs

.v4_bx          0x080011a4        0x0
 .v4_bx         0x080011a4        0x0 linker stubs

.iplt           0x080011a4        0x0
 .iplt          0x080011a4        0x0 C:/ST/STM32CubeIDE_1.19.0/STM32CubeIDE/plugins/com.st.stm32cube.ide.mcu.externaltools.gnu-tools-for-stm32.13.3.rel1.win32_1.0.0.202411081344/tools/bin/../lib/gcc/arm-none-eabi/13.3.1/thumb/v7-m/nofp/crtbegin.o

.rodata         0x080011a4        0x0
                0x080011a4                        . = ALIGN (0x4)
 *(.rodata)
 *(.rodata*)
                0x080011a4                        . = ALIGN (0x4)

.ARM.extab      0x080011a4        0x0
                0x080011a4                        . = ALIGN (0x4)
 *(.ARM.extab* .gnu.linkonce.armextab.*)
                0x080011a4                        . = ALIGN (0x4)

.ARM            0x080011a4        0x0
                0x080011a4                        . = ALIGN (0x4)
                0x080011a4                        __exidx_start = .
 *(.ARM.exidx*)
                0x080011a4                        __exidx_end = .
                0x080011a4                        . = ALIGN (0x4)

.preinit_array  0x080011a4        0x0
                0x080011a4                        . = ALIGN (0x4)
                0x080011a4                        PROVIDE (__preinit_array_start = .)
 *(.preinit_array*)
                0x080011a4                        PROVIDE (__preinit_array_end = .)
                0x080011a4                        . = ALIGN (0x4)

.init_array     0x080011a4        0x4
                0x080011a4                        . = ALIGN (0x4)
                0x080011a4                        PROVIDE (__init_array_start = .)
 *(SORT_BY_NAME(.init_array.*))
 *(.init_array*)
 .init_array    0x080011a4        0x4 C:/ST/STM32CubeIDE_1.19.0/STM32CubeIDE/plugins/com.st.stm32cube.ide.mcu.externaltools.gnu-tools-for-stm32.13.3.rel1.win32_1.0.0.202411081344/tools/bin/../lib/gcc/arm-none-eabi/13.3.1/thumb/v7-m/nofp/crtbegin.o
                0x080011a8                        PROVIDE (__init_array_end = .)
                0x080011a8                        . = ALIGN (0x4)

.fini_array     0x080011a8        0x4
                0x080011a8                        . = ALIGN (0x4)
                [!provide]                        PROVIDE (__fini_array_start = .)
 *(SORT_BY_NAME(.fini_array.*))
 *(.fini_array*)
 .fini_array    0x080011a8        0x4 C:/ST/STM32CubeIDE_1.19.0/STM32CubeIDE/plugins/com.st.stm32cube.ide.mcu.externaltools.gnu-tools-for-stm32.13.3.rel1.win32_1.0.0.202411081344/tools/bin/../lib/gcc/arm-none-eabi/13.3.1/thumb/v7-m/nofp/crtbegin.o
                [!provide]                        PROVIDE (__fini_array_end = .)
                0x080011ac                        . = ALIGN (0x4)
                0x080011ac                        _sidata = LOADADDR (.data)

.rel.dyn        0x080011ac        0x0
 .rel.iplt      0x080011ac        0x0 C:/ST/STM32CubeIDE_1.19.0/STM32CubeIDE/plugins/com.st.stm32cube.ide.mcu.externaltools.gnu-tools-for-stm32.13.3.rel1.win32_1.0.0.202411081344/tools/bin/../lib/gcc/arm-none-eabi/13.3.1/thumb/v7-m/nofp/crtbegin.o

.data           0x20000000        0xc load address 0x080011ac
                0x20000000                        . = ALIGN (0x4)
                0x20000000                        _sdata = .
 *(.data)
 *(.data*)
 .data.Kp       0x20000000        0x4 ./Src/main.o
                0x20000000                Kp
 .data.Ki       0x20000004        0x4 ./Src/main.o
                0x20000004                Ki
 .data.Kd       0x20000008        0x4 ./Src/main.o
                0x20000008                Kd
 *(.RamFunc)
 *(.RamFunc*)
                0x2000000c                        . = ALIGN (0x4)
                0x2000000c                        _edata = .

.igot.plt       0x2000000c        0x0 load address 0x080011b8
 .igot.plt      0x2000000c        0x0 C:/ST/STM32CubeIDE_1.19.0/STM32CubeIDE/plugins/com.st.stm32cube.ide.mcu.externaltools.gnu-tools-for-stm32.13.3.rel1.win32_1.0.0.202411081344/tools/bin/../lib/gcc/arm-none-eabi/13.3.1/thumb/v7-m/nofp/crtbegin.o
                0x2000000c                        . = ALIGN (0x4)

.bss            0x2000000c       0x34 load address 0x080011b8
                0x2000000c                        _sbss = .
                0x2000000c                        __bss_start__ = _sbss
 *(.bss)
 .bss           0x2000000c       0x1c C:/ST/STM32CubeIDE_1.19.0/STM32CubeIDE/plugins/com.st.stm32cube.ide.mcu.externaltools.gnu-tools-for-stm32.13.3.rel1.win32_1.0.0.202411081344/tools/bin/../lib/gcc/arm-none-eabi/13.3.1/thumb/v7-m/nofp/crtbegin.o
 *(.bss*)
 .bss.hall_state
                0x20000028        0x1 ./Src/isr.o
                0x20000028                hall_state
 *fill*         0x20000029        0x1 
 .bss.duty_global
                0x2000002a        0x2 ./Src/main.o
                0x2000002a                duty_global
 .bss.motor_rpm
                0x2000002c        0x4 ./Src/main.o
                0x2000002c                motor_rpm
 .bss.hall_pulse_count
                0x20000030        0x4 ./Src/main.o
                0x20000030                hall_pulse_count
 .bss.target_rpm
                0x20000034        0x4 ./Src/main.o
                0x20000034                target_rpm
 .bss.prev_error
                0x20000038        0x4 ./Src/main.o
                0x20000038                prev_error
 .bss.integral  0x2000003c        0x4 ./Src/main.o
                0x2000003c                integral
 *(COMMON)
                0x20000040                        . = ALIGN (0x4)
                0x20000040                        _ebss = .
                0x20000040                        __bss_end__ = _ebss

._user_heap_stack
                0x20000040      0x600 load address 0x080011b8
                0x20000040                        . = ALIGN (0x8)
                [!provide]                        PROVIDE (end = .)
                0x20000040                        PROVIDE (_end = .)
                0x20000240                        . = (. + _Min_Heap_Size)
 *fill*         0x20000040      0x200 
                0x20000640                        . = (. + _Min_Stack_Size)
 *fill*         0x20000240      0x400 
                0x20000640                        . = ALIGN (0x8)

/DISCARD/
 libc.a(*)
 libm.a(*)
 libgcc.a(*)

.ARM.attributes
                0x00000000       0x29
 *(.ARM.attributes)
 .ARM.attributes
                0x00000000       0x1d C:/ST/STM32CubeIDE_1.19.0/STM32CubeIDE/plugins/com.st.stm32cube.ide.mcu.externaltools.gnu-tools-for-stm32.13.3.rel1.win32_1.0.0.202411081344/tools/bin/../lib/gcc/arm-none-eabi/13.3.1/thumb/v7-m/nofp/crti.o
 .ARM.attributes
                0x0000001d       0x2d C:/ST/STM32CubeIDE_1.19.0/STM32CubeIDE/plugins/com.st.stm32cube.ide.mcu.externaltools.gnu-tools-for-stm32.13.3.rel1.win32_1.0.0.202411081344/tools/bin/../lib/gcc/arm-none-eabi/13.3.1/thumb/v7-m/nofp/crtbegin.o
 .ARM.attributes
                0x0000004a       0x2d ./Src/commutation.o
 .ARM.attributes
                0x00000077       0x2d ./Src/functions.o
 .ARM.attributes
                0x000000a4       0x2d ./Src/init.o
 .ARM.attributes
                0x000000d1       0x2d ./Src/isr.o
 .ARM.attributes
                0x000000fe       0x2d ./Src/main.o
 .ARM.attributes
                0x0000012b       0x21 ./Startup/startup_stm32f103c8tx.o
 .ARM.attributes
                0x0000014c       0x2d C:/ST/STM32CubeIDE_1.19.0/STM32CubeIDE/plugins/com.st.stm32cube.ide.mcu.externaltools.gnu-tools-for-stm32.13.3.rel1.win32_1.0.0.202411081344/tools/bin/../lib/gcc/arm-none-eabi/13.3.1/../../../../arm-none-eabi/lib/thumb/v7-m/nofp\libc_nano.a(libc_a-init.o)
 .ARM.attributes
                0x00000179       0x1d C:/ST/STM32CubeIDE_1.19.0/STM32CubeIDE/plugins/com.st.stm32cube.ide.mcu.externaltools.gnu-tools-for-stm32.13.3.rel1.win32_1.0.0.202411081344/tools/bin/../lib/gcc/arm-none-eabi/13.3.1/thumb/v7-m/nofp\libgcc.a(_arm_addsubsf3.o)
 .ARM.attributes
                0x00000196       0x1d C:/ST/STM32CubeIDE_1.19.0/STM32CubeIDE/plugins/com.st.stm32cube.ide.mcu.externaltools.gnu-tools-for-stm32.13.3.rel1.win32_1.0.0.202411081344/tools/bin/../lib/gcc/arm-none-eabi/13.3.1/thumb/v7-m/nofp\libgcc.a(_arm_muldivsf3.o)
 .ARM.attributes
                0x000001b3       0x1d C:/ST/STM32CubeIDE_1.19.0/STM32CubeIDE/plugins/com.st.stm32cube.ide.mcu.externaltools.gnu-tools-for-stm32.13.3.rel1.win32_1.0.0.202411081344/tools/bin/../lib/gcc/arm-none-eabi/13.3.1/thumb/v7-m/nofp\libgcc.a(_arm_cmpsf2.o)
 .ARM.attributes
                0x000001d0       0x1d C:/ST/STM32CubeIDE_1.19.0/STM32CubeIDE/plugins/com.st.stm32cube.ide.mcu.externaltools.gnu-tools-for-stm32.13.3.rel1.win32_1.0.0.202411081344/tools/bin/../lib/gcc/arm-none-eabi/13.3.1/thumb/v7-m/nofp\libgcc.a(_arm_fixsfsi.o)
 .ARM.attributes
                0x000001ed       0x1d C:/ST/STM32CubeIDE_1.19.0/STM32CubeIDE/plugins/com.st.stm32cube.ide.mcu.externaltools.gnu-tools-for-stm32.13.3.rel1.win32_1.0.0.202411081344/tools/bin/../lib/gcc/arm-none-eabi/13.3.1/thumb/v7-m/nofp/crtn.o
OUTPUT(BLDC_MOTOR_CONTROL.elf elf32-littlearm)
LOAD linker stubs
LOAD C:/ST/STM32CubeIDE_1.19.0/STM32CubeIDE/plugins/com.st.stm32cube.ide.mcu.externaltools.gnu-tools-for-stm32.13.3.rel1.win32_1.0.0.202411081344/tools/bin/../lib/gcc/arm-none-eabi/13.3.1/../../../../arm-none-eabi/lib/thumb/v7-m/nofp\libc.a
LOAD C:/ST/STM32CubeIDE_1.19.0/STM32CubeIDE/plugins/com.st.stm32cube.ide.mcu.externaltools.gnu-tools-for-stm32.13.3.rel1.win32_1.0.0.202411081344/tools/bin/../lib/gcc/arm-none-eabi/13.3.1/../../../../arm-none-eabi/lib/thumb/v7-m/nofp\libm.a
LOAD C:/ST/STM32CubeIDE_1.19.0/STM32CubeIDE/plugins/com.st.stm32cube.ide.mcu.externaltools.gnu-tools-for-stm32.13.3.rel1.win32_1.0.0.202411081344/tools/bin/../lib/gcc/arm-none-eabi/13.3.1/thumb/v7-m/nofp\libgcc.a

.debug_info     0x00000000     0x13a6
 .debug_info    0x00000000      0x29c ./Src/commutation.o
 .debug_info    0x0000029c      0x244 ./Src/functions.o
 .debug_info    0x000004e0      0x859 ./Src/init.o
 .debug_info    0x00000d39      0x345 ./Src/isr.o
 .debug_info    0x0000107e      0x2f8 ./Src/main.o
 .debug_info    0x00001376       0x30 ./Startup/startup_stm32f103c8tx.o

.debug_abbrev   0x00000000      0x617
 .debug_abbrev  0x00000000       0xf2 ./Src/commutation.o
 .debug_abbrev  0x000000f2       0xd7 ./Src/functions.o
 .debug_abbrev  0x000001c9      0x1c1 ./Src/init.o
 .debug_abbrev  0x0000038a      0x15a ./Src/isr.o
 .debug_abbrev  0x000004e4      0x10f ./Src/main.o
 .debug_abbrev  0x000005f3       0x24 ./Startup/startup_stm32f103c8tx.o

.debug_aranges  0x00000000      0x130
 .debug_aranges
                0x00000000       0x30 ./Src/commutation.o
 .debug_aranges
                0x00000030       0x28 ./Src/functions.o
 .debug_aranges
                0x00000058       0x50 ./Src/init.o
 .debug_aranges
                0x000000a8       0x40 ./Src/isr.o
 .debug_aranges
                0x000000e8       0x20 ./Src/main.o
 .debug_aranges
                0x00000108       0x28 ./Startup/startup_stm32f103c8tx.o

.debug_rnglists
                0x00000000       0xcc
 .debug_rnglists
                0x00000000       0x20 ./Src/commutation.o
 .debug_rnglists
                0x00000020       0x19 ./Src/functions.o
 .debug_rnglists
                0x00000039       0x3b ./Src/init.o
 .debug_rnglists
                0x00000074       0x2b ./Src/isr.o
 .debug_rnglists
                0x0000009f       0x14 ./Src/main.o
 .debug_rnglists
                0x000000b3       0x19 ./Startup/startup_stm32f103c8tx.o

.debug_macro    0x00000000    0x102f9
 .debug_macro   0x00000000       0xcb ./Src/commutation.o
 .debug_macro   0x000000cb      0xad2 ./Src/commutation.o
 .debug_macro   0x00000b9d       0x2e ./Src/commutation.o
 .debug_macro   0x00000bcb       0x22 ./Src/commutation.o
 .debug_macro   0x00000bed       0x22 ./Src/commutation.o
 .debug_macro   0x00000c0f       0x8e ./Src/commutation.o
 .debug_macro   0x00000c9d       0x51 ./Src/commutation.o
 .debug_macro   0x00000cee      0x103 ./Src/commutation.o
 .debug_macro   0x00000df1       0x6a ./Src/commutation.o
 .debug_macro   0x00000e5b      0x1df ./Src/commutation.o
 .debug_macro   0x0000103a       0x1c ./Src/commutation.o
 .debug_macro   0x00001056       0x22 ./Src/commutation.o
 .debug_macro   0x00001078       0xbd ./Src/commutation.o
 .debug_macro   0x00001135      0xd23 ./Src/commutation.o
 .debug_macro   0x00001e58     0xe09e ./Src/commutation.o
 .debug_macro   0x0000fef6       0x6d ./Src/commutation.o
 .debug_macro   0x0000ff63       0x6a ./Src/commutation.o
 .debug_macro   0x0000ffcd       0xcb ./Src/functions.o
 .debug_macro   0x00010098       0xcb ./Src/init.o
 .debug_macro   0x00010163       0xcb ./Src/isr.o
 .debug_macro   0x0001022e       0xcb ./Src/main.o

.debug_line     0x00000000     0x1cdb
 .debug_line    0x00000000      0x57f ./Src/commutation.o
 .debug_line    0x0000057f      0x4d5 ./Src/functions.o
 .debug_line    0x00000a54      0x7af ./Src/init.o
 .debug_line    0x00001203      0x53f ./Src/isr.o
 .debug_line    0x00001742      0x51e ./Src/main.o
 .debug_line    0x00001c60       0x7b ./Startup/startup_stm32f103c8tx.o

.debug_str      0x00000000    0x54baa
 .debug_str     0x00000000    0x54baa ./Src/commutation.o
                              0x5486f (size before relaxing)
 .debug_str     0x00054baa    0x54854 ./Src/functions.o
 .debug_str     0x00054baa    0x54cbf ./Src/init.o
 .debug_str     0x00054baa    0x548d0 ./Src/isr.o
 .debug_str     0x00054baa    0x548cd ./Src/main.o
 .debug_str     0x00054baa       0x76 ./Startup/startup_stm32f103c8tx.o

.comment        0x00000000       0x43
 .comment       0x00000000       0x43 ./Src/commutation.o
                                 0x44 (size before relaxing)
 .comment       0x00000043       0x44 ./Src/functions.o
 .comment       0x00000043       0x44 ./Src/init.o
 .comment       0x00000043       0x44 ./Src/isr.o
 .comment       0x00000043       0x44 ./Src/main.o

.debug_frame    0x00000000      0x438
 .debug_frame   0x00000000       0x74 ./Src/commutation.o
 .debug_frame   0x00000074       0x50 ./Src/functions.o
 .debug_frame   0x000000c4       0xf8 ./Src/init.o
 .debug_frame   0x000001bc       0xb0 ./Src/isr.o
 .debug_frame   0x0000026c       0x30 ./Src/main.o
 .debug_frame   0x0000029c       0x2c C:/ST/STM32CubeIDE_1.19.0/STM32CubeIDE/plugins/com.st.stm32cube.ide.mcu.externaltools.gnu-tools-for-stm32.13.3.rel1.win32_1.0.0.202411081344/tools/bin/../lib/gcc/arm-none-eabi/13.3.1/../../../../arm-none-eabi/lib/thumb/v7-m/nofp\libc_nano.a(libc_a-init.o)
 .debug_frame   0x000002c8       0x4c C:/ST/STM32CubeIDE_1.19.0/STM32CubeIDE/plugins/com.st.stm32cube.ide.mcu.externaltools.gnu-tools-for-stm32.13.3.rel1.win32_1.0.0.202411081344/tools/bin/../lib/gcc/arm-none-eabi/13.3.1/thumb/v7-m/nofp\libgcc.a(_arm_addsubsf3.o)
 .debug_frame   0x00000314       0x38 C:/ST/STM32CubeIDE_1.19.0/STM32CubeIDE/plugins/com.st.stm32cube.ide.mcu.externaltools.gnu-tools-for-stm32.13.3.rel1.win32_1.0.0.202411081344/tools/bin/../lib/gcc/arm-none-eabi/13.3.1/thumb/v7-m/nofp\libgcc.a(_arm_muldivsf3.o)
 .debug_frame   0x0000034c       0xc8 C:/ST/STM32CubeIDE_1.19.0/STM32CubeIDE/plugins/com.st.stm32cube.ide.mcu.externaltools.gnu-tools-for-stm32.13.3.rel1.win32_1.0.0.202411081344/tools/bin/../lib/gcc/arm-none-eabi/13.3.1/thumb/v7-m/nofp\libgcc.a(_arm_cmpsf2.o)
 .debug_frame   0x00000414       0x24 C:/ST/STM32CubeIDE_1.19.0/STM32CubeIDE/plugins/com.st.stm32cube.ide.mcu.externaltools.gnu-tools-for-stm32.13.3.rel1.win32_1.0.0.202411081344/tools/bin/../lib/gcc/arm-none-eabi/13.3.1/thumb/v7-m/nofp\libgcc.a(_arm_fixsfsi.o)

.debug_line_str
                0x00000000       0x5a
 .debug_line_str
                0x00000000       0x5a ./Startup/startup_stm32f103c8tx.o
